<aixm:VerticalStructure xmlns:aixm="http://www.aixm.aero/schema/5.1" xmlns:gml="http://www.opengis.net/gml/3.2" gml:id="uuid.a1dc09ff-39cf-4f18-8e3f-af0333fdf6c7">
  <gml:identifier codeSpace="urn:uuid:">8c755520-b42b-11e3-a5e2-0800500c9a66</gml:identifier>
  <aixm:timeSlice>
    <aixm:VerticalStructureTimeSlice gml:id="ID_467">
      <gml:validTime>
        <gml:TimeInstant gml:id="uuid.1000da8d-4119-4f4a-887a-f6c6c9a4a965">
          <gml:timePosition>2012-10-01T07:31:00</gml:timePosition>
        </gml:TimeInstant>
      </gml:validTime>
      <aixm:interpretation>PERMDELTA</aixm:interpretation>
      <aixm:sequenceNumber>1</aixm:sequenceNumber>
      <aixm:featureLifetime>
        <gml:TimePeriod gml:id="uuid.289a2a02-9748-4ce9-85ab-7e4982018b63">
          <gml:beginPosition>2012-10-01T07:31:00</gml:beginPosition>
          <gml:endPosition indeterminatePosition="unknown"/>
        </gml:TimePeriod>
      </aixm:featureLifetime>
    </aixm:VerticalStructureTimeSlice>
  </aixm:timeSlice>
  <aixm:timeSlice>
    <aixm:VerticalStructureTimeSlice gml:id="ID_477">
      <gml:validTime>
        <gml:TimeInstant gml:id="uuid.405c074f-33bf-4054-bf3b-bad6d96d5998">
          <gml:timePosition>2012-10-11T17:30:00</gml:timePosition>
        </gml:TimeInstant>
      </gml:validTime>
      <aixm:interpretation>PERMDELTA</aixm:interpretation>
      <aixm:sequenceNumber>2</aixm:sequenceNumber>
      <aixm:featureLifetime>
        <gml:TimePeriod gml:id="uuid.e502a41a-260a-486a-b472-97738f8c11ab">
          <gml:beginPosition indeterminatePosition="unknown"/>
          <gml:endPosition indeterminatePosition="unknown"/>
        </gml:TimePeriod>
      </aixm:featureLifetime>
    </aixm:VerticalStructureTimeSlice>
  </aixm:timeSlice>
  <aixm:timeSlice>
    <aixm:VerticalStructureTimeSlice gml:id="ID_486">
      <gml:validTime>
        <gml:TimeInstant gml:id="uuid.863a5895-66c8-472b-b831-781ace91f0cd">
          <gml:timePosition>2012-11-01T16:30:00</gml:timePosition>
        </gml:TimeInstant>
      </gml:validTime>
      <aixm:interpretation>PERMDELTA</aixm:interpretation>
      <aixm:sequenceNumber>3</aixm:sequenceNumber>
      <aixm:featureLifetime>
        <gml:TimePeriod gml:id="uuid.78b12b16-b8a4-4637-9de1-783f0c02b2da">
          <gml:beginPosition indeterminatePosition="unknown"/>
          <gml:endPosition indeterminatePosition="unknown"/>
        </gml:TimePeriod>
      </aixm:featureLifetime>
    </aixm:VerticalStructureTimeSlice>
  </aixm:timeSlice>
  <aixm:timeSlice>
    <aixm:VerticalStructureTimeSlice gml:id="ID_495">
      <gml:validTime>
        <gml:TimePeriod gml:id="uuid.e08676c6-cb20-425d-8527-e070265edfab">
          <gml:beginPosition>2012-10-12T02:00:00</gml:beginPosition>
          <gml:endPosition>2012-10-19T01:59:59</gml:endPosition>
        </gml:TimePeriod>
      </gml:validTime>
      <aixm:interpretation>TEMPDELTA</aixm:interpretation>
      <aixm:sequenceNumber>1</aixm:sequenceNumber>
      <aixm:featureLifetime>
        <gml:TimePeriod gml:id="uuid.34eb5ba6-113d-4441-82bf-c4a6d4cb2a39">
          <gml:beginPosition indeterminatePosition="unknown"/>
          <gml:endPosition indeterminatePosition="unknown"/>
        </gml:TimePeriod>
      </aixm:featureLifetime>
    </aixm:VerticalStructureTimeSlice>
  </aixm:timeSlice>
  <aixm:timeSlice>
    <aixm:VerticalStructureTimeSlice gml:id="ID_500">
      <gml:validTime>
        <gml:TimePeriod gml:id="uuid.04ac4850-6b3a-4d06-9c38-d4d922f12a69">
          <gml:beginPosition>2012-10-12T02:00:00</gml:beginPosition>
          <gml:endPosition>2012-10-20T01:59:59</gml:endPosition>
        </gml:TimePeriod>
      </gml:validTime>
      <aixm:interpretation>TEMPDELTA</aixm:interpretation>
      <aixm:sequenceNumber>1</aixm:sequenceNumber>
      <aixm:correctionNumber>1</aixm:correctionNumber>
      <aixm:featureLifetime>
        <gml:TimePeriod gml:id="uuid.534676f1-787b-48cf-b156-11c27f4e5e99">
          <gml:beginPosition indeterminatePosition="unknown"/>
          <gml:endPosition indeterminatePosition="unknown"/>
        </gml:TimePeriod>
      </aixm:featureLifetime>
    </aixm:VerticalStructureTimeSlice>
  </aixm:timeSlice>
</aixm:VerticalStructure>